{
  "version": "1.5.0",
  "plugins_used": [
    {
      "name": "ArtifactoryDetector"
    },
    {
      "name": "AWSKeyDetector"
    },
    {
      "name": "AzureStorageKeyDetector"
    },
    {
      "name": "Base64HighEntropyString",
      "limit": 4.5
    },
    {
      "name": "BasicAuthDetector"
    },
    {
      "name": "CloudantDetector"
    },
    {
      "name": "DiscordBotTokenDetector"
    },
    {
      "name": "GitHubTokenDetector"
    },
    {
      "name": "GitLabTokenDetector"
    },
    {
      "name": "HexHighEntropyString",
      "limit": 3.0
    },
    {
      "name": "IbmCloudIamDetector"
    },
    {
      "name": "IbmCosHmacDetector"
    },
    {
      "name": "IPPublicDetector"
    },
    {
      "name": "JwtTokenDetector"
    },
    {
      "name": "KeywordDetector",
      "keyword_exclude": ""
    },
    {
      "name": "MailchimpDetector"
    },
    {
      "name": "NpmDetector"
    },
    {
      "name": "OpenAIDetector"
    },
    {
      "name": "PrivateKeyDetector"
    },
    {
      "name": "PypiTokenDetector"
    },
    {
      "name": "SendGridDetector"
    },
    {
      "name": "SlackDetector"
    },
    {
      "name": "SoftlayerDetector"
    },
    {
      "name": "SquareOAuthDetector"
    },
    {
      "name": "StripeDetector"
    },
    {
      "name": "TelegramBotTokenDetector"
    },
    {
      "name": "TwilioKeyDetector"
    }
  ],
  "filters_used": [
    {
      "path": "detect_secrets.filters.allowlist.is_line_allowlisted"
    },
    {
      "path": "detect_secrets.filters.common.is_baseline_file",
      "filename": ".secrets.baseline"
    },
    {
      "path": "detect_secrets.filters.common.is_ignored_due_to_verification_policies",
      "min_level": 2
    },
    {
      "path": "detect_secrets.filters.heuristic.is_indirect_reference"
    },
    {
      "path": "detect_secrets.filters.heuristic.is_likely_id_string"
    },
    {
      "path": "detect_secrets.filters.heuristic.is_lock_file"
    },
    {
      "path": "detect_secrets.filters.heuristic.is_not_alphanumeric_string"
    },
    {
      "path": "detect_secrets.filters.heuristic.is_potential_uuid"
    },
    {
      "path": "detect_secrets.filters.heuristic.is_prefixed_with_dollar_sign"
    },
    {
      "path": "detect_secrets.filters.heuristic.is_sequential_string"
    },
    {
      "path": "detect_secrets.filters.heuristic.is_swagger_file"
    },
    {
      "path": "detect_secrets.filters.heuristic.is_templated_secret"
    },
    {
      "path": "detect_secrets.filters.regex.should_exclude_file",
      "pattern": [
        ".*\\.lock$"
      ]
    }
  ],
  "results": {
    "README.md": [
      {
        "type": "Basic Auth Credentials",
        "filename": "README.md",
        "hashed_secret": "9d4e1e23bd5b727046a9e3b4b7db57bd8d6ee684",
        "is_verified": false,
        "line_number": 366
      }
    ],
    "SECURITY.md": [
      {
        "type": "Basic Auth Credentials",
        "filename": "SECURITY.md",
        "hashed_secret": "9d4e1e23bd5b727046a9e3b4b7db57bd8d6ee684",
        "is_verified": false,
        "line_number": 84
      },
      {
        "type": "Secret Keyword",
        "filename": "SECURITY.md",
        "hashed_secret": "19e662368a1065e8e98fdb0d0ec341e3382132cc",
        "is_verified": false,
        "line_number": 211
      }
    ],
    "app/clients/hapi_db_client.py": [
      {
        "type": "Basic Auth Credentials",
        "filename": "app/clients/hapi_db_client.py",
        "hashed_secret": "04ea8046baeccff0c465567884ca84481be74535",
        "is_verified": false,
        "line_number": 62
      }
    ],
    "config/.env.example": [
      {
        "type": "Basic Auth Credentials",
        "filename": "config/.env.example",
        "hashed_secret": "5baa61e4c9b93f3f0682250b6cf8331b7ee68fd8",
        "is_verified": false,
        "line_number": 25
      },
      {
        "type": "Basic Auth Credentials",
        "filename": "config/.env.example",
        "hashed_secret": "afc848c316af1a89d49826c5ae9d00ed769415f3",
        "is_verified": false,
        "line_number": 26
      }
    ],
    "config/docker-compose.yml": [
      {
        "type": "Secret Keyword",
        "filename": "config/docker-compose.yml",
        "hashed_secret": "e9b7c5d3b12d5ae9c43c5b541245c5d476d11317",
        "is_verified": false,
        "line_number": 36
      },
      {
        "type": "Secret Keyword",
        "filename": "config/docker-compose.yml",
        "hashed_secret": "04ea8046baeccff0c465567884ca84481be74535",
        "is_verified": false,
        "line_number": 62
      }
    ],
    "docs/AUTO_REFRESH_SETUP.md": [
      {
        "type": "Basic Auth Credentials",
        "filename": "docs/AUTO_REFRESH_SETUP.md",
        "hashed_secret": "04ea8046baeccff0c465567884ca84481be74535",
        "is_verified": false,
        "line_number": 24
      },
      {
        "type": "Basic Auth Credentials",
        "filename": "docs/AUTO_REFRESH_SETUP.md",
        "hashed_secret": "112bb791304791ddcf692e29fd5cf149b35fea37",
        "is_verified": false,
        "line_number": 65
      },
      {
        "type": "Basic Auth Credentials",
        "filename": "docs/AUTO_REFRESH_SETUP.md",
        "hashed_secret": "e9b7c5d3b12d5ae9c43c5b541245c5d476d11317",
        "is_verified": false,
        "line_number": 86
      }
    ],
    "docs/MATERIALIZED_VIEWS.md": [
      {
        "type": "Basic Auth Credentials",
        "filename": "docs/MATERIALIZED_VIEWS.md",
        "hashed_secret": "9d4e1e23bd5b727046a9e3b4b7db57bd8d6ee684",
        "is_verified": false,
        "line_number": 48
      },
      {
        "type": "Basic Auth Credentials",
        "filename": "docs/MATERIALIZED_VIEWS.md",
        "hashed_secret": "04ea8046baeccff0c465567884ca84481be74535",
        "is_verified": false,
        "line_number": 57
      }
    ],
    "docs/REFERENTIAL_INTEGRITY.md": [
      {
        "type": "Basic Auth Credentials",
        "filename": "docs/REFERENTIAL_INTEGRITY.md",
        "hashed_secret": "04ea8046baeccff0c465567884ca84481be74535",
        "is_verified": false,
        "line_number": 163
      }
    ],
    "docs/RESEARCHFLOW_README.md": [
      {
        "type": "Secret Keyword",
        "filename": "docs/RESEARCHFLOW_README.md",
        "hashed_secret": "aecdccc1cf64595b34e0cc152d238daabb32183a",
        "is_verified": false,
        "line_number": 86
      },
      {
        "type": "Basic Auth Credentials",
        "filename": "docs/RESEARCHFLOW_README.md",
        "hashed_secret": "9d4e1e23bd5b727046a9e3b4b7db57bd8d6ee684",
        "is_verified": false,
        "line_number": 195
      }
    ],
    "docs/SETUP_GUIDE.md": [
      {
        "type": "Base64 High Entropy String",
        "filename": "docs/SETUP_GUIDE.md",
        "hashed_secret": "fb8b0df67975a4a1aa9be9c4d9fcf204c46eb993",
        "is_verified": false,
        "line_number": 14
      },
      {
        "type": "Secret Keyword",
        "filename": "docs/SETUP_GUIDE.md",
        "hashed_secret": "8a6b0192625519baea1e64ae19ad829a8f53e317",
        "is_verified": false,
        "line_number": 170
      }
    ],
    "docs/architecture/DATABASE_ARCHITECTURE.md": [
      {
        "type": "Basic Auth Credentials",
        "filename": "docs/architecture/DATABASE_ARCHITECTURE.md",
        "hashed_secret": "04ea8046baeccff0c465567884ca84481be74535",
        "is_verified": false,
        "line_number": 26
      },
      {
        "type": "Basic Auth Credentials",
        "filename": "docs/architecture/DATABASE_ARCHITECTURE.md",
        "hashed_secret": "e9b7c5d3b12d5ae9c43c5b541245c5d476d11317",
        "is_verified": false,
        "line_number": 354
      }
    ],
    "docs/fixes/DATABASE_CONNECTION_FIX.md": [
      {
        "type": "Basic Auth Credentials",
        "filename": "docs/fixes/DATABASE_CONNECTION_FIX.md",
        "hashed_secret": "04ea8046baeccff0c465567884ca84481be74535",
        "is_verified": false,
        "line_number": 152
      },
      {
        "type": "Basic Auth Credentials",
        "filename": "docs/fixes/DATABASE_CONNECTION_FIX.md",
        "hashed_secret": "e9b7c5d3b12d5ae9c43c5b541245c5d476d11317",
        "is_verified": false,
        "line_number": 354
      }
    ],
    "docs/fixes/DELIVERY_AGENT_FIX.md": [
      {
        "type": "Basic Auth Credentials",
        "filename": "docs/fixes/DELIVERY_AGENT_FIX.md",
        "hashed_secret": "04ea8046baeccff0c465567884ca84481be74535",
        "is_verified": false,
        "line_number": 158
      }
    ],
    "docs/fixes/PARAMETERIZED_QUERY_FIX_SUMMARY.md": [
      {
        "type": "Basic Auth Credentials",
        "filename": "docs/fixes/PARAMETERIZED_QUERY_FIX_SUMMARY.md",
        "hashed_secret": "04ea8046baeccff0c465567884ca84481be74535",
        "is_verified": false,
        "line_number": 100
      }
    ],
    "docs/fixes/WORKFLOW_STUCK_FIX.md": [
      {
        "type": "Basic Auth Credentials",
        "filename": "docs/fixes/WORKFLOW_STUCK_FIX.md",
        "hashed_secret": "04ea8046baeccff0c465567884ca84481be74535",
        "is_verified": false,
        "line_number": 158
      }
    ],
    "docs/implementation/PHASE2_PHASE3_COMPLETE.md": [
      {
        "type": "Basic Auth Credentials",
        "filename": "docs/implementation/PHASE2_PHASE3_COMPLETE.md",
        "hashed_secret": "9d4e1e23bd5b727046a9e3b4b7db57bd8d6ee684",
        "is_verified": false,
        "line_number": 213
      }
    ],
    "docs/observability/LANGSMITH_DEBUGGING_GUIDE.md": [
      {
        "type": "Basic Auth Credentials",
        "filename": "docs/observability/LANGSMITH_DEBUGGING_GUIDE.md",
        "hashed_secret": "04ea8046baeccff0c465567884ca84481be74535",
        "is_verified": false,
        "line_number": 29
      }
    ],
    "docs/sessions/ALL_FIXES_COMPLETE_SUMMARY.md": [
      {
        "type": "Basic Auth Credentials",
        "filename": "docs/sessions/ALL_FIXES_COMPLETE_SUMMARY.md",
        "hashed_secret": "04ea8046baeccff0c465567884ca84481be74535",
        "is_verified": false,
        "line_number": 188
      }
    ],
    "docs/sessions/COMPLETE_SESSION_FIX_SUMMARY.md": [
      {
        "type": "Basic Auth Credentials",
        "filename": "docs/sessions/COMPLETE_SESSION_FIX_SUMMARY.md",
        "hashed_secret": "04ea8046baeccff0c465567884ca84481be74535",
        "is_verified": false,
        "line_number": 165
      }
    ],
    "docs/sessions/COMPLETE_WORKFLOW_FIX_SUMMARY.md": [
      {
        "type": "Basic Auth Credentials",
        "filename": "docs/sessions/COMPLETE_WORKFLOW_FIX_SUMMARY.md",
        "hashed_secret": "04ea8046baeccff0c465567884ca84481be74535",
        "is_verified": false,
        "line_number": 178
      }
    ],
    "docs/sessions/DEPENDENCY_FIX_SUMMARY.md": [
      {
        "type": "Basic Auth Credentials",
        "filename": "docs/sessions/DEPENDENCY_FIX_SUMMARY.md",
        "hashed_secret": "e9b7c5d3b12d5ae9c43c5b541245c5d476d11317",
        "is_verified": false,
        "line_number": 64
      },
      {
        "type": "Basic Auth Credentials",
        "filename": "docs/sessions/DEPENDENCY_FIX_SUMMARY.md",
        "hashed_secret": "04ea8046baeccff0c465567884ca84481be74535",
        "is_verified": false,
        "line_number": 83
      }
    ],
    "docs/sprints/SPRINT_05_5_TEST_RESULTS.md": [
      {
        "type": "Basic Auth Credentials",
        "filename": "docs/sprints/SPRINT_05_5_TEST_RESULTS.md",
        "hashed_secret": "04ea8046baeccff0c465567884ca84481be74535",
        "is_verified": false,
        "line_number": 282
      }
    ],
    "docs/testing/COMPLETE_WORKFLOW_TEST_GUIDE.md": [
      {
        "type": "Basic Auth Credentials",
        "filename": "docs/testing/COMPLETE_WORKFLOW_TEST_GUIDE.md",
        "hashed_secret": "04ea8046baeccff0c465567884ca84481be74535",
        "is_verified": false,
        "line_number": 28
      }
    ],
    "docs/testing/E2E_TESTING_GUIDE.md": [
      {
        "type": "Base64 High Entropy String",
        "filename": "docs/testing/E2E_TESTING_GUIDE.md",
        "hashed_secret": "a2bff96ee6c60d9b3055289d3ed1df993366cc63",
        "is_verified": false,
        "line_number": 481
      },
      {
        "type": "Base64 High Entropy String",
        "filename": "docs/testing/E2E_TESTING_GUIDE.md",
        "hashed_secret": "eb4e53e4ff73074fb840570f93c8d894c9f310b5",
        "is_verified": false,
        "line_number": 482
      }
    ],
    "migrations/README.md": [
      {
        "type": "Basic Auth Credentials",
        "filename": "migrations/README.md",
        "hashed_secret": "9d4e1e23bd5b727046a9e3b4b7db57bd8d6ee684",
        "is_verified": false,
        "line_number": 54
      },
      {
        "type": "Basic Auth Credentials",
        "filename": "migrations/README.md",
        "hashed_secret": "e9b7c5d3b12d5ae9c43c5b541245c5d476d11317",
        "is_verified": false,
        "line_number": 182
      },
      {
        "type": "Basic Auth Credentials",
        "filename": "migrations/README.md",
        "hashed_secret": "b6a0ea76e8bcd278a7f7b2a54bd5e4eb45ff7c57",
        "is_verified": false,
        "line_number": 187
      }
    ],
    "migrations/apply_migration.py": [
      {
        "type": "Basic Auth Credentials",
        "filename": "migrations/apply_migration.py",
        "hashed_secret": "5baa61e4c9b93f3f0682250b6cf8331b7ee68fd8",
        "is_verified": false,
        "line_number": 24
      }
    ],
    "pytest.ini": [
      {
        "type": "Secret Keyword",
        "filename": "pytest.ini",
        "hashed_secret": "53766a4269138055d3e93c7696cfe32f868c3d1a",
        "is_verified": false,
        "line_number": 75
      }
    ],
    "scripts/RESTART_STREAMLIT_APPS.sh": [
      {
        "type": "Basic Auth Credentials",
        "filename": "scripts/RESTART_STREAMLIT_APPS.sh",
        "hashed_secret": "04ea8046baeccff0c465567884ca84481be74535",
        "is_verified": false,
        "line_number": 29
      }
    ],
    "scripts/create_materialized_views.py": [
      {
        "type": "Basic Auth Credentials",
        "filename": "scripts/create_materialized_views.py",
        "hashed_secret": "04ea8046baeccff0c465567884ca84481be74535",
        "is_verified": false,
        "line_number": 11
      }
    ],
    "scripts/init_test_db.py": [
      {
        "type": "Basic Auth Credentials",
        "filename": "scripts/init_test_db.py",
        "hashed_secret": "e9b7c5d3b12d5ae9c43c5b541245c5d476d11317",
        "is_verified": false,
        "line_number": 24
      }
    ],
    "scripts/materialize_views.py": [
      {
        "type": "Basic Auth Credentials",
        "filename": "scripts/materialize_views.py",
        "hashed_secret": "04ea8046baeccff0c465567884ca84481be74535",
        "is_verified": false,
        "line_number": 15
      }
    ],
    "scripts/recover_stuck_request.py": [
      {
        "type": "Base64 High Entropy String",
        "filename": "scripts/recover_stuck_request.py",
        "hashed_secret": "42c3438eb3ccb1031bf08e2cb4d1d5777908ca56",
        "is_verified": false,
        "line_number": 19
      }
    ],
    "scripts/refresh_materialized_views.py": [
      {
        "type": "Basic Auth Credentials",
        "filename": "scripts/refresh_materialized_views.py",
        "hashed_secret": "04ea8046baeccff0c465567884ca84481be74535",
        "is_verified": false,
        "line_number": 13
      }
    ],
    "scripts/trigger_delivery.py": [
      {
        "type": "Base64 High Entropy String",
        "filename": "scripts/trigger_delivery.py",
        "hashed_secret": "42c3438eb3ccb1031bf08e2cb4d1d5777908ca56",
        "is_verified": false,
        "line_number": 14
      }
    ],
    "tests/agents/test_phenotype_agent_filtering.py": [
      {
        "type": "Basic Auth Credentials",
        "filename": "tests/agents/test_phenotype_agent_filtering.py",
        "hashed_secret": "04ea8046baeccff0c465567884ca84481be74535",
        "is_verified": false,
        "line_number": 33
      }
    ],
    "tests/agents/test_phenotype_agent_with_conditions.py": [
      {
        "type": "Basic Auth Credentials",
        "filename": "tests/agents/test_phenotype_agent_with_conditions.py",
        "hashed_secret": "04ea8046baeccff0c465567884ca84481be74535",
        "is_verified": false,
        "line_number": 37
      }
    ],
    "tests/e2e/test_langgraph_workflow_e2e.py": [
      {
        "type": "Basic Auth Credentials",
        "filename": "tests/e2e/test_langgraph_workflow_e2e.py",
        "hashed_secret": "e9b7c5d3b12d5ae9c43c5b541245c5d476d11317",
        "is_verified": false,
        "line_number": 37
      }
    ],
    "tests/e2e/utils.py": [
      {
        "type": "Basic Auth Credentials",
        "filename": "tests/e2e/utils.py",
        "hashed_secret": "e9b7c5d3b12d5ae9c43c5b541245c5d476d11317",
        "is_verified": false,
        "line_number": 31
      }
    ],
    "tests/test_multi_llm_client.py": [
      {
        "type": "Secret Keyword",
        "filename": "tests/test_multi_llm_client.py",
        "hashed_secret": "3acfb2c2b433c0ea7ff107e33df91b18e52f960f",
        "is_verified": false,
        "line_number": 19
      },
      {
        "type": "Secret Keyword",
        "filename": "tests/test_multi_llm_client.py",
        "hashed_secret": "a288513f2a30d39a5123d8cdc53914d71db049b6",
        "is_verified": false,
        "line_number": 32
      },
      {
        "type": "Secret Keyword",
        "filename": "tests/test_multi_llm_client.py",
        "hashed_secret": "75ddfb45216fe09680dfe70eda4f559a910c832c",
        "is_verified": false,
        "line_number": 34
      }
    ],
    "tests/test_referential_integrity.py": [
      {
        "type": "Basic Auth Credentials",
        "filename": "tests/test_referential_integrity.py",
        "hashed_secret": "04ea8046baeccff0c465567884ca84481be74535",
        "is_verified": false,
        "line_number": 8
      }
    ]
  },
  "generated_at": "2026-07-13T02:47:18Z"
}
